#-----------------------------------------------------------
# Vivado v2023.2 (64-bit)
# SW Build 4029153 on Fri Oct 13 20:14:34 MDT 2023
# IP Build 4028589 on Sat Oct 14 00:45:43 MDT 2023
# SharedData Build 4025554 on Tue Oct 10 17:18:54 MDT 2023
# Start of session at: Wed Apr  2 10:09:18 2025
# Process ID: 19888
# Current directory: D:/JingYeDaICCompetition/cs2025_stu_self/1_alu
# Command line: vivado.exe -gui_launcher_event rodinguilauncherevent16876 D:\JingYeDaICCompetition\cs2025_stu_self\1_alu\rv32icpu.xpr
# Log file: D:/JingYeDaICCompetition/cs2025_stu_self/1_alu/vivado.log
# Journal file: D:/JingYeDaICCompetition/cs2025_stu_self/1_alu\vivado.jou
# Running On: DESKTOP-082C81I, OS: Windows, CPU Frequency: 2688 MHz, CPU Physical cores: 14, Host memory: 16893 MB
#-----------------------------------------------------------
start_gui
open_project D:/JingYeDaICCompetition/cs2025_stu_self/1_alu/rv32icpu.xpr
set_property part xc7k325tffg900-2 [current_project]
open_hw_manager
connect_hw_server -url 192.168.3.8:3121 -allow_non_jtag
current_hw_target [get_hw_targets */xilinx_tcf/Digilent/C305BAD5ABCD]
set_property PARAM.FREQUENCY 15000000 [get_hw_targets */xilinx_tcf/Digilent/C305BAD5ABCD]
open_hw_target
current_hw_device [get_hw_devices xc7k325t_0]
refresh_hw_device -update_hw_probes false [lindex [get_hw_devices xc7k325t_0] 0]
# Disabling source management mode.  This is to allow the top design properties to be set without GUI intervention.
set_property source_mgmt_mode None [current_project]
set_property top tb_alu [get_filesets sim_1]
set_property top_lib xil_defaultlib [get_filesets sim_1]
# Re-enabling previously disabled source management mode.
set_property source_mgmt_mode DisplayOnly [current_project]
set_property is_enabled false [get_files  D:/JingYeDaICCompetition/cs2025_stu_self/1_alu/rv32icpu.srcs/sim_1/new/tb_multipler.sv]
set_property is_enabled true [get_files  D:/JingYeDaICCompetition/cs2025_stu_self/1_alu/rv32icpu.srcs/sim_1/new/tb_multipler.sv]
launch_simulation
launch_simulation
source tb_alu.tcl
close_sim
launch_simulation
source tb_alu.tcl
run 100 us
close_sim
launch_simulation
source tb_alu.tcl
close_sim
launch_simulation
source tb_alu.tcl
run all
run all
run all
run all
run all
run all
run all
run all
run 100 us
run all
run all
run all
run all
run all
run all
run all
run all
run all
run all
run all
run all
run all
run all
run all
close_sim
launch_simulation
source tb_alu.tcl
run all
run 100 us
run 100 us
run all
close_sim
launch_simulation
set_property is_enabled false [get_files  D:/JingYeDaICCompetition/cs2025_stu_self/1_alu/rv32icpu.srcs/sources_1/new/top_alu.sv]
# Disabling source management mode.  This is to allow the top design properties to be set without GUI intervention.
set_property source_mgmt_mode None [current_project]
set_property top alu [current_fileset]
# Re-enabling previously disabled source management mode.
set_property source_mgmt_mode DisplayOnly [current_project]
launch_simulation
source tb_alu.tcl
# Disabling source management mode.  This is to allow the top design properties to be set without GUI intervention.
set_property source_mgmt_mode None [current_project]
set_property top test_alu [get_filesets sim_1]
set_property top_lib xil_defaultlib [get_filesets sim_1]
# Re-enabling previously disabled source management mode.
set_property source_mgmt_mode DisplayOnly [current_project]
launch_simulation
launch_simulation
launch_simulation
launch_simulation
close_sim
launch_simulation
source test_alu.tcl
close_sim
launch_simulation
source test_alu.tcl
run 100 us
run 100 us
run all
run all
run 100 us
run 1000 us
run 1000 us
run 1000 us
run all
